[backblue.gif]
[fade.gif]
[index.html]
[www.dmhospital.org/index.html]
[www.dmhospital.org/cms/Template/Default/Img/favicon.ico]
[www.dmhospital.org/cms/Template/Default/css/style.css]
[www.dmhospital.org/cms/Template/Default/css/bootstrap.css]
[www.dmhospital.org/cms/Template/Default/css/bootstrap-responsive.min.css]
[www.dmhospital.org/cms/Template/Default/css/sssstyle.css]
[www.dmhospital.org/cms/Template/Default/css/dmhtabs.css]
[www.dmhospital.org/cms/Template/Default/css/dcpl.css]
[www.dmhospital.org/cms/Template/Default/css/Testimonial.css]
[www.dmhospital.org/cms/Template/Default/css/searchPage.css]
[www.dmhospital.org/cms/Template/Default/css/slick-theme.css]
[www.dmhospital.org/cms/Template/Default/css/news.css]
[www.dmhospital.org/ScriptResource5a3c.js]
[www.dmhospital.org/ScriptResource91b8.js]
[www.dmhospital.org/cms/Template/Default/js/jquery-1.js]
[www.dmhospital.org/cms/Template/Default/js/slick.js]
[www.dmhospital.org/cms/Template/Default/js/jquery.min.js]
[www.dmhospital.org/cms/Template/Default/js/ga.js]
[www.dmhospital.org/cms/Template/Default/js/bootstrap.js]
[www.dmhospital.org/cms/Template/Default/js/jquery.js]
[www.dmhospital.org/cms/Template/Default/js/scripts.js]
[www.dmhospital.org/cms/Template/Default/js/responsiveslides.min.js]
[www.dmhospital.org/cms/Media/image/Ambulance-icon.png]
[www.dmhospital.org/cms/Media/image/google-play-badge.png]
[www.dmhospital.org/cms/Media/image/download-on-the-app-store.png]
[www.dmhospital.org/cms/Media/image/logo.png]
[www.dmhospital.org/cms/javascript/JSselectedmenu.js]
[www.dmhospital.org/default.html]
[www.dmhospital.org/cms/Template/Default/css/style.css]
[www.dmhospital.org/cms/Template/Default/css/bootstrap.css]
[www.dmhospital.org/cms/Template/Default/css/bootstrap-responsive.min.css]
[www.dmhospital.org/cms/Template/Default/css/sssstyle.css]
[www.dmhospital.org/cms/Template/Default/css/dmhtabs.css]
[www.dmhospital.org/cms/Template/Default/css/dcpl.css]
[www.dmhospital.org/cms/Template/Default/css/Testimonial.css]
[www.dmhospital.org/cms/Template/Default/css/searchPage.css]
[www.dmhospital.org/cms/Template/Default/css/slick-theme.css]
[www.dmhospital.org/cms/Template/Default/css/news.css]
[www.dmhospital.org/cms/Template/Default/css/slick.css]
[www.dmhospital.org/WebResourcebf87.js]
[www.dmhospital.org/ScriptResource5a3c.js]
[www.dmhospital.org/ScriptResource91b8.js]
[www.dmhospital.org/about-us.html]
[www.dmhospital.org/about-hospital.html]
[www.dmhospital.org/associates.html]
[www.dmhospital.org/accreditations.html]
[www.dmhospital.org/supportHospitalDonations.html]
[www.dmhospital.org/why-the-best.html]
[www.dmhospital.org/activity.html]
